
> antigravity-web@0.1.0 build
> next build

   Γû▓ Next.js 15.5.12

   Creating an optimized production build ...
 Γ£ô Compiled successfully in 8.3s
   Linting and checking validity of types ...
node.exe : 
At line:1 char:1
+ & "C:\Program Files\nodejs/node.exe" "C:\Program Files\nodejs/node_mo ...
+ ~~~~~~~~~~~~~~~~~~~~~~~~~~~~~~~~~~~~~~~~~~~~~~~~~~~~~~~~~~~~~~~~~~~~~
    + CategoryInfo          : NotSpecified: (:String) [], RemoteException
    + FullyQualifiedErrorId : NativeCommandError
 
Failed to compile.

./src/app/admin/contents/page.tsx
7:44  Warning: 'Users' is defined but never used.  @typescript-eslint/no-unused-vars
7:51  Warning: 'TrendingUp' is defined but never used.  @typescript-eslint/no-unused-vars
7:63  Warning: 'BookOpen' is defined but never used.  @typescript-eslint/no-unused-vars
7:73  Warning: 'Star' is defined but never used.  @typescript-eslint/no-unused-vars
36:38  Error: Unexpected any. Specify a different type.  @typescript-eslint/no-explicit-any
90:41  Error: Unexpected any. Specify a different type.  @typescript-eslint/no-explicit-any
104:52  Error: Unexpected any. Specify a different type.  @typescript-eslint/no-explicit-any
333:45  Warning: Using `<img>` could result in slower LCP and higher bandwidth. Consider using `<Image />` 
from `next/image` or a custom image loader to automatically optimize images. This may incur additional usage 
or cost from your provider. See: https://nextjs.org/docs/messages/no-img-element  @next/next/no-img-element

./src/app/admin/dashboard/page.tsx
30:24  Error: Unexpected any. Specify a different type.  @typescript-eslint/no-explicit-any
31:31  Error: Unexpected any. Specify a different type.  @typescript-eslint/no-explicit-any
159:33  Warning: 'tenants' is defined but never used.  @typescript-eslint/no-unused-vars
160:13  Error: Unexpected any. Specify a different type.  @typescript-eslint/no-explicit-any
160:27  Error: Unexpected any. Specify a different type.  @typescript-eslint/no-explicit-any
160:68  Error: Unexpected any. Specify a different type.  @typescript-eslint/no-explicit-any
180:23  Error: Unexpected any. Specify a different type.  @typescript-eslint/no-explicit-any
209:49  Error: Unexpected any. Specify a different type.  @typescript-eslint/no-explicit-any
239:39  Error: Unexpected any. Specify a different type.  @typescript-eslint/no-explicit-any
251:23  Error: Unexpected any. Specify a different type.  @typescript-eslint/no-explicit-any
288:13  Error: Unexpected any. Specify a different type.  @typescript-eslint/no-explicit-any
288:28  Error: Unexpected any. Specify a different type.  @typescript-eslint/no-explicit-any
289:26  Error: Unexpected any. Specify a different type.  @typescript-eslint/no-explicit-any
289:58  Error: Unexpected any. Specify a different type.  @typescript-eslint/no-explicit-any
290:22  Error: Unexpected any. Specify a different type.  @typescript-eslint/no-explicit-any
291:24  Error: Unexpected any. Specify a different type.  @typescript-eslint/no-explicit-any
292:26  Error: Unexpected any. Specify a different type.  @typescript-eslint/no-explicit-any
293:14  Error: Unexpected any. Specify a different type.  @typescript-eslint/no-explicit-any
296:46  Error: Unexpected any. Specify a different type.  @typescript-eslint/no-explicit-any
317:23  Error: Unexpected any. Specify a different type.  @typescript-eslint/no-explicit-any
328:23  Error: Unexpected any. Specify a different type.  @typescript-eslint/no-explicit-any
333:52  Error: Unexpected any. Specify a different type.  @typescript-eslint/no-explicit-any
350:23  Error: Unexpected any. Specify a different type.  @typescript-eslint/no-explicit-any
547:38  Error: Unexpected any. Specify a different type.  @typescript-eslint/no-explicit-any
562:43  Error: Unexpected any. Specify a different type.  @typescript-eslint/no-explicit-any
572:86  Error: Unexpected any. Specify a different type.  @typescript-eslint/no-explicit-any
572:132  Error: Unexpected any. Specify a different type.  @typescript-eslint/no-explicit-any
604:4  Error: Unexpected any. Specify a different type.  @typescript-eslint/no-explicit-any
651:52  Error: Unexpected any. Specify a different type.  @typescript-eslint/no-explicit-any
692:47  Error: Unexpected any. Specify a different type.  @typescript-eslint/no-explicit-any
741:91  Error: Unexpected any. Specify a different type.  @typescript-eslint/no-explicit-any
770:44  Error: Unexpected any. Specify a different type.  @typescript-eslint/no-explicit-any
776:46  Error: Unexpected any. Specify a different type.  @typescript-eslint/no-explicit-any
778:44  Error: Unexpected any. Specify a different type.  @typescript-eslint/no-explicit-any
781:58  Error: Unexpected any. Specify a different type.  @typescript-eslint/no-explicit-any
785:88  Error: Unexpected any. Specify a different type.  @typescript-eslint/no-explicit-any
791:69  Error: Unexpected any. Specify a different type.  @typescript-eslint/no-explicit-any
791:88  Error: Unexpected any. Specify a different type.  @typescript-eslint/no-explicit-any
791:101  Error: Unexpected any. Specify a different type.  @typescript-eslint/no-explicit-any
791:115  Error: Unexpected any. Specify a different type.  @typescript-eslint/no-explicit-any
818:56  Error: Unexpected any. Specify a different type.  @typescript-eslint/no-explicit-any
824:62  Error: Unexpected any. Specify a different type.  @typescript-eslint/no-explicit-any
964:48  Error: Unexpected any. Specify a different type.  @typescript-eslint/no-explicit-any
969:74  Warning: '_' is defined but never used.  @typescript-eslint/no-unused-vars
992:23  Error: Unexpected any. Specify a different type.  @typescript-eslint/no-explicit-any
998:33  Error: Unexpected any. Specify a different type.  @typescript-eslint/no-explicit-any
1005:45  Error: Unexpected any. Specify a different type.  @typescript-eslint/no-explicit-any
1011:36  Error: Unexpected any. Specify a different type.  @typescript-eslint/no-explicit-any
1018:49  Error: Unexpected any. Specify a different type.  @typescript-eslint/no-explicit-any
1023:34  Error: Unexpected any. Specify a different type.  @typescript-eslint/no-explicit-any
1082:80  Warning: '_' is defined but never used.  @typescript-eslint/no-unused-vars
1096:156  Warning: 'item' is defined but never used.  @typescript-eslint/no-unused-vars
1100:148  Warning: 'item' is defined but never used.  @typescript-eslint/no-unused-vars
1104:156  Warning: 'item' is defined but never used.  @typescript-eslint/no-unused-vars
1145:91  Error: Unexpected any. Specify a different type.  @typescript-eslint/no-explicit-any
1405:45  Error: Unexpected any. Specify a different type.  @typescript-eslint/no-explicit-any
1409:40  Error: Unexpected any. Specify a different type.  @typescript-eslint/no-explicit-any
1426:74  Warning: '_' is defined but never used.  @typescript-eslint/no-unused-vars
1557:92  Error: Unexpected any. Specify a different type.  @typescript-eslint/no-explicit-any
1598:62  Error: Unexpected any. Specify a different type.  @typescript-eslint/no-explicit-any
1664:40  Error: Unexpected any. Specify a different type.  @typescript-eslint/no-explicit-any
1665:38  Error: Unexpected any. Specify a different type.  @typescript-eslint/no-explicit-any
1724:47  Error: Unexpected any. Specify a different type.  @typescript-eslint/no-explicit-any
1756:40  Error: Unexpected any. Specify a different type.  @typescript-eslint/no-explicit-any
1757:38  Error: Unexpected any. Specify a different type.  @typescript-eslint/no-explicit-any
1814:47  Error: Unexpected any. Specify a different type.  @typescript-eslint/no-explicit-any
1842:28  Warning: 'user' is defined but never used.  @typescript-eslint/no-unused-vars
1842:44  Error: Unexpected any. Specify a different type.  @typescript-eslint/no-explicit-any
1843:38  Error: Unexpected any. Specify a different type.  @typescript-eslint/no-explicit-any
1844:38  Error: Unexpected any. Specify a different type.  @typescript-eslint/no-explicit-any
1877:43  Error: Unexpected any. Specify a different type.  @typescript-eslint/no-explicit-any
1902:50  Error: Unexpected any. Specify a different type.  @typescript-eslint/no-explicit-any
1903:50  Error: Unexpected any. Specify a different type.  @typescript-eslint/no-explicit-any
1904:38  Error: Unexpected any. Specify a different type.  @typescript-eslint/no-explicit-any
1992:52  Error: Unexpected any. Specify a different type.  @typescript-eslint/no-explicit-any
2031:49  Error: Unexpected any. Specify a different type.  @typescript-eslint/no-explicit-any
2032:38  Error: Unexpected any. Specify a different type.  @typescript-eslint/no-explicit-any
2033:38  Error: Unexpected any. Specify a different type.  @typescript-eslint/no-explicit-any
2095:47  Error: Unexpected any. Specify a different type.  @typescript-eslint/no-explicit-any
2129:63  Error: Unexpected any. Specify a different type.  @typescript-eslint/no-explicit-any
2129:77  Error: Unexpected any. Specify a different type.  @typescript-eslint/no-explicit-any
2130:38  Error: Unexpected any. Specify a different type.  @typescript-eslint/no-explicit-any
2135:58  Error: Unexpected any. Specify a different type.  @typescript-eslint/no-explicit-any
2165:21  Error: Unexpected any. Specify a different type.  @typescript-eslint/no-explicit-any
2183:21  Error: Unexpected any. Specify a different type.  @typescript-eslint/no-explicit-any
2190:40  Error: Unexpected any. Specify a different type.  @typescript-eslint/no-explicit-any
2191:40  Error: Unexpected any. Specify a different type.  @typescript-eslint/no-explicit-any
2192:43  Error: Unexpected any. Specify a different type.  @typescript-eslint/no-explicit-any
2239:49  Error: Unexpected any. Specify a different type.  @typescript-eslint/no-explicit-any
2351:55  Error: Unexpected any. Specify a different type.  @typescript-eslint/no-explicit-any
2352:50  Error: Unexpected any. Specify a different type.  @typescript-eslint/no-explicit-any
2353:38  Error: Unexpected any. Specify a different type.  @typescript-eslint/no-explicit-any
2381:18  Warning: 'err' is defined but never used.  @typescript-eslint/no-unused-vars
2469:52  Error: Unexpected any. Specify a different type.  @typescript-eslint/no-explicit-any
2530:55  Error: Unexpected any. Specify a different type.  @typescript-eslint/no-explicit-any
2531:50  Error: Unexpected any. Specify a different type.  @typescript-eslint/no-explicit-any
2580:54  Error: Unexpected any. Specify a different type.  @typescript-eslint/no-explicit-any
2613:38  Error: Unexpected any. Specify a different type.  @typescript-eslint/no-explicit-any
2620:11  Warning: 'maxDays' is assigned a value but never used.  @typescript-eslint/no-unused-vars
2620:58  Error: Unexpected any. Specify a different type.  @typescript-eslint/no-explicit-any
2621:59  Error: Unexpected any. Specify a different type.  @typescript-eslint/no-explicit-any
2667:49  Error: Unexpected any. Specify a different type.  @typescript-eslint/no-explicit-any
2698:51  Error: Unexpected any. Specify a different type.  @typescript-eslint/no-explicit-any
2699:42  Error: Unexpected any. Specify a different type.  @typescript-eslint/no-explicit-any
2796:71  Error: Unexpected any. Specify a different type.  @typescript-eslint/no-explicit-any
2811:23  Error: Unexpected any. Specify a different type.  @typescript-eslint/no-explicit-any

./src/app/admin/settings/page.tsx
11:38  Error: Unexpected any. Specify a different type.  @typescript-eslint/no-explicit-any
15:40  Error: Unexpected any. Specify a different type.  @typescript-eslint/no-explicit-any
16:42  Error: Unexpected any. Specify a different type.  @typescript-eslint/no-explicit-any
53:74  Warning: '_' is defined but never used.  @typescript-eslint/no-unused-vars
103:23  Error: Unexpected any. Specify a different type.  @typescript-eslint/no-explicit-any
121:31  Error: Unexpected any. Specify a different type.  @typescript-eslint/no-explicit-any
141:31  Error: Unexpected any. Specify a different type.  @typescript-eslint/no-explicit-any
161:23  Error: Unexpected any. Specify a different type.  @typescript-eslint/no-explicit-any

./src/app/careers/page.tsx
3:31  Warning: 'useRef' is defined but never used.  @typescript-eslint/no-unused-vars
61:57  Error: Unexpected any. Specify a different type.  @typescript-eslint/no-explicit-any
92:40  Error: Unexpected any. Specify a different type.  @typescript-eslint/no-explicit-any
94:28  Error: Unexpected any. Specify a different type.  @typescript-eslint/no-explicit-any
96:42  Error: Unexpected any. Specify a different type.  @typescript-eslint/no-explicit-any
119:28  Error: Unexpected any. Specify a different type.  @typescript-eslint/no-explicit-any
258:27  Error: `'` can be escaped with `&apos;`, `&lsquo;`, `&#39;`, `&rsquo;`.  react/no-unescaped-entities
483:49  Warning: Using `<img>` could result in slower LCP and higher bandwidth. Consider using `<Image />` 
from `next/image` or a custom image loader to automatically optimize images. This may incur additional usage 
or cost from your provider. See: https://nextjs.org/docs/messages/no-img-element  @next/next/no-img-element
483:49  Warning: img elements must have an alt prop, either with meaningful text, or an empty string for 
decorative images.  jsx-a11y/alt-text
535:65  Warning: Using `<img>` could result in slower LCP and higher bandwidth. Consider using `<Image />` 
from `next/image` or a custom image loader to automatically optimize images. This may incur additional usage 
or cost from your provider. See: https://nextjs.org/docs/messages/no-img-element  @next/next/no-img-element
683:114  Error: `'` can be escaped with `&apos;`, `&lsquo;`, `&#39;`, `&rsquo;`.  react/no-unescaped-entities
723:33  Warning: Using `<img>` could result in slower LCP and higher bandwidth. Consider using `<Image />` 
from `next/image` or a custom image loader to automatically optimize images. This may incur additional usage 
or cost from your provider. See: https://nextjs.org/docs/messages/no-img-element  @next/next/no-img-element
723:33  Warning: img elements must have an alt prop, either with meaningful text, or an empty string for 
decorative images.  jsx-a11y/alt-text

./src/app/dashboard/DeptManagerDashboard.tsx
10:23  Warning: 'type' is defined but never used.  @typescript-eslint/no-unused-vars
52:77  Warning: 'onLogout' is defined but never used.  @typescript-eslint/no-unused-vars
52:97  Error: Unexpected any. Specify a different type.  @typescript-eslint/no-explicit-any
62:38  Error: Unexpected any. Specify a different type.  @typescript-eslint/no-explicit-any
63:46  Error: Unexpected any. Specify a different type.  @typescript-eslint/no-explicit-any
64:46  Error: Unexpected any. Specify a different type.  @typescript-eslint/no-explicit-any
83:8  Warning: React Hook useEffect has a missing dependency: 'fetchData'. Either include it or remove the 
dependency array.  react-hooks/exhaustive-deps
118:57  Warning: React Hook useEffect has a missing dependency: 'fetchData'. Either include it or remove the 
dependency array.  react-hooks/exhaustive-deps
164:14  Error: Unexpected any. Specify a different type.  @typescript-eslint/no-explicit-any
261:56  Error: Unexpected any. Specify a different type.  @typescript-eslint/no-explicit-any
321:64  Error: Unexpected any. Specify a different type.  @typescript-eslint/no-explicit-any
475:47  Error: Unexpected any. Specify a different type.  @typescript-eslint/no-explicit-any
482:59  Error: Unexpected any. Specify a different type.  @typescript-eslint/no-explicit-any
558:134  Error: Unexpected any. Specify a different type.  @typescript-eslint/no-explicit-any

./src/app/dashboard/HRManagerDashboard.tsx
9:23  Warning: 'type' is defined but never used.  @typescript-eslint/no-unused-vars
42:75  Warning: 'onLogout' is defined but never used.  @typescript-eslint/no-unused-vars
42:95  Error: Unexpected any. Specify a different type.  @typescript-eslint/no-explicit-any
44:12  Warning: 'reqsMeta' is assigned a value but never used.  @typescript-eslint/no-unused-vars
44:46  Error: Unexpected any. Specify a different type.  @typescript-eslint/no-explicit-any
45:22  Warning: 'setReqsPage' is assigned a value but never used.  @typescript-eslint/no-unused-vars
46:38  Error: Unexpected any. Specify a different type.  @typescript-eslint/no-explicit-any
47:46  Error: Unexpected any. Specify a different type.  @typescript-eslint/no-explicit-any
57:40  Error: Unexpected any. Specify a different type.  @typescript-eslint/no-explicit-any
95:8  Warning: React Hook useEffect has a missing dependency: 'fetchData'. Either include it or remove the 
dependency array.  react-hooks/exhaustive-deps
97:40  Error: Unexpected any. Specify a different type.  @typescript-eslint/no-explicit-any
98:40  Error: Unexpected any. Specify a different type.  @typescript-eslint/no-explicit-any

./src/app/dashboard/page.tsx
22:38  Error: Unexpected any. Specify a different type.  @typescript-eslint/no-explicit-any
37:18  Warning: 'e' is defined but never used.  @typescript-eslint/no-unused-vars
47:18  Warning: '_' is defined but never used.  @typescript-eslint/no-unused-vars

./src/app/dashboard/TADashboard.tsx
10:23  Warning: 'type' is defined but never used.  @typescript-eslint/no-unused-vars
24:68  Warning: 'onLogout' is defined but never used.  @typescript-eslint/no-unused-vars
24:88  Error: Unexpected any. Specify a different type.  @typescript-eslint/no-explicit-any
25:38  Error: Unexpected any. Specify a different type.  @typescript-eslint/no-explicit-any
26:54  Error: Unexpected any. Specify a different type.  @typescript-eslint/no-explicit-any
27:50  Error: Unexpected any. Specify a different type.  @typescript-eslint/no-explicit-any
28:70  Error: Unexpected any. Specify a different type.  @typescript-eslint/no-explicit-any
29:58  Error: Unexpected any. Specify a different type.  @typescript-eslint/no-explicit-any
33:40  Error: Unexpected any. Specify a different type.  @typescript-eslint/no-explicit-any
36:48  Error: Unexpected any. Specify a different type.  @typescript-eslint/no-explicit-any
37:48  Error: Unexpected any. Specify a different type.  @typescript-eslint/no-explicit-any
43:12  Warning: 'rejectModal' is assigned a value but never used.  @typescript-eslint/no-unused-vars
47:58  Error: Unexpected any. Specify a different type.  @typescript-eslint/no-explicit-any
66:60  Error: Unexpected any. Specify a different type.  @typescript-eslint/no-explicit-any
74:62  Error: Unexpected any. Specify a different type.  @typescript-eslint/no-explicit-any
76:48  Error: Unexpected any. Specify a different type.  @typescript-eslint/no-explicit-any
77:68  Error: Unexpected any. Specify a different type.  @typescript-eslint/no-explicit-any
81:68  Error: Unexpected any. Specify a different type.  @typescript-eslint/no-explicit-any
178:8  Warning: React Hook useEffect has missing dependencies: 'fetchData' and 'initialTab'. Either include 
them or remove the dependency array.  react-hooks/exhaustive-deps
341:84  Error: Unexpected any. Specify a different type.  @typescript-eslint/no-explicit-any
344:23  Error: Unexpected any. Specify a different type.  @typescript-eslint/no-explicit-any
373:8  Warning: React Hook useEffect has a missing dependency: 'fetchData'. Either include it or remove the 
dependency array.  react-hooks/exhaustive-deps
376:39  Error: Unexpected any. Specify a different type.  @typescript-eslint/no-explicit-any
461:33  Error: Unexpected any. Specify a different type.  @typescript-eslint/no-explicit-any
530:33  Error: Unexpected any. Specify a different type.  @typescript-eslint/no-explicit-any
542:11  Warning: 'handleSendRejection' is assigned a value but never used.  @typescript-eslint/no-unused-vars
551:33  Error: Unexpected any. Specify a different type.  @typescript-eslint/no-explicit-any
936:52  Error: Unexpected any. Specify a different type.  @typescript-eslint/no-explicit-any
1178:59  Error: Unexpected any. Specify a different type.  @typescript-eslint/no-explicit-any
1191:65  Warning: Using `<img>` could result in slower LCP and higher bandwidth. Consider using `<Image />` 
from `next/image` or a custom image loader to automatically optimize images. This may incur additional usage 
or cost from your provider. See: https://nextjs.org/docs/messages/no-img-element  @next/next/no-img-element
1272:61  Error: Unexpected any. Specify a different type.  @typescript-eslint/no-explicit-any
1286:73  Error: Unexpected any. Specify a different type.  @typescript-eslint/no-explicit-any
1325:62  Error: Unexpected any. Specify a different type.  @typescript-eslint/no-explicit-any
1336:69  Warning: Using `<img>` could result in slower LCP and higher bandwidth. Consider using `<Image />` 
from `next/image` or a custom image loader to automatically optimize images. This may incur additional usage 
or cost from your provider. See: https://nextjs.org/docs/messages/no-img-element  @next/next/no-img-element
1556:56  Error: Unexpected any. Specify a different type.  @typescript-eslint/no-explicit-any
1667:68  Error: Unexpected any. Specify a different type.  @typescript-eslint/no-explicit-any
2011:116  Error: Unexpected any. Specify a different type.  @typescript-eslint/no-explicit-any
2122:78  Error: Unexpected any. Specify a different type.  @typescript-eslint/no-explicit-any
2343:100  Error: Unexpected any. Specify a different type.  @typescript-eslint/no-explicit-any
2402:84  Error: Unexpected any. Specify a different type.  @typescript-eslint/no-explicit-any
2515:45  Error: `"` can be escaped with `&quot;`, `&ldquo;`, `&#34;`, `&rdquo;`.  react/no-unescaped-entities
2515:108  Error: `"` can be escaped with `&quot;`, `&ldquo;`, `&#34;`, `&rdquo;`.  react/no-unescaped-entities
2703:49  Warning: Using `<img>` could result in slower LCP and higher bandwidth. Consider using `<Image />` 
from `next/image` or a custom image loader to automatically optimize images. This may incur additional usage 
or cost from your provider. See: https://nextjs.org/docs/messages/no-img-element  @next/next/no-img-element
2888:80  Error: Unexpected any. Specify a different type.  @typescript-eslint/no-explicit-any

./src/app/login/page.tsx
40:23  Error: Unexpected any. Specify a different type.  @typescript-eslint/no-explicit-any

./src/app/my-applications/page.tsx
5:10  Warning: 'apiFetch' is defined but never used.  @typescript-eslint/no-unused-vars
47:108  Error: Unexpected any. Specify a different type.  @typescript-eslint/no-explicit-any
101:23  Error: Unexpected any. Specify a different type.  @typescript-eslint/no-explicit-any
192:25  Error: `'` can be escaped with `&apos;`, `&lsquo;`, `&#39;`, `&rsquo;`.  react/no-unescaped-entities
200:10  Warning: 'ApplicationCard' is defined but never used.  @typescript-eslint/no-unused-vars
200:42  Error: Unexpected any. Specify a different type.  @typescript-eslint/no-explicit-any
318:48  Error: Unexpected any. Specify a different type.  @typescript-eslint/no-explicit-any
319:54  Error: Unexpected any. Specify a different type.  @typescript-eslint/no-explicit-any
320:27  Warning: 'setAvailableJobs' is assigned a value but never used.  @typescript-eslint/no-unused-vars
320:56  Error: Unexpected any. Specify a different type.  @typescript-eslint/no-explicit-any
322:12  Warning: 'sidebarOpen' is assigned a value but never used.  @typescript-eslint/no-unused-vars
322:25  Warning: 'setSidebarOpen' is assigned a value but never used.  @typescript-eslint/no-unused-vars
326:56  Error: Unexpected any. Specify a different type.  @typescript-eslint/no-explicit-any
428:8  Warning: React Hook useEffect has a missing dependency: 'fetchProfile'. Either include it or remove 
the dependency array.  react-hooks/exhaustive-deps
453:8  Warning: React Hook useEffect has a missing dependency: 'fetchNotifications'. Either include it or 
remove the dependency array.  react-hooks/exhaustive-deps
534:68  Warning: 'fileName' is defined but never used.  @typescript-eslint/no-unused-vars
559:64  Error: Unexpected any. Specify a different type.  @typescript-eslint/no-explicit-any
764:11  Warning: 'firstName' is assigned a value but never used.  @typescript-eslint/no-unused-vars
765:11  Warning: 'lastName' is assigned a value but never used.  @typescript-eslint/no-unused-vars
894:139  Error: `"` can be escaped with `&quot;`, `&ldquo;`, `&#34;`, `&rdquo;`.  react/no-unescaped-entities
894:173  Error: `"` can be escaped with `&quot;`, `&ldquo;`, `&#34;`, `&rdquo;`.  react/no-unescaped-entities
949:120  Error: `'` can be escaped with `&apos;`, `&lsquo;`, `&#39;`, `&rsquo;`.  react/no-unescaped-entities
977:143  Error: Unexpected any. Specify a different type.  @typescript-eslint/no-explicit-any
1014:103  Error: `'` can be escaped with `&apos;`, `&lsquo;`, `&#39;`, `&rsquo;`.  react/no-unescaped-entities
1032:41  Warning: Using `<img>` could result in slower LCP and higher bandwidth. Consider using `<Image />` 
from `next/image` or a custom image loader to automatically optimize images. This may incur additional usage 
or cost from your provider. See: https://nextjs.org/docs/messages/no-img-element  @next/next/no-img-element
1059:57  Warning: Using `<img>` could result in slower LCP and higher bandwidth. Consider using `<Image />` 
from `next/image` or a custom image loader to automatically optimize images. This may incur additional usage 
or cost from your provider. See: https://nextjs.org/docs/messages/no-img-element  @next/next/no-img-element
1146:45  Warning: Using `<img>` could result in slower LCP and higher bandwidth. Consider using `<Image />` 
from `next/image` or a custom image loader to automatically optimize images. This may incur additional usage 
or cost from your provider. See: https://nextjs.org/docs/messages/no-img-element  @next/next/no-img-element
1167:88  Error: Unexpected any. Specify a different type.  @typescript-eslint/no-explicit-any
1207:88  Error: `'` can be escaped with `&apos;`, `&lsquo;`, `&#39;`, `&rsquo;`.  react/no-unescaped-entities
1214:69  Warning: 'i' is defined but never used.  @typescript-eslint/no-unused-vars
1255:104  Error: `'` can be escaped with `&apos;`, `&lsquo;`, `&#39;`, `&rsquo;`.  react/no-unescaped-entities
1516:69  Warning: 'i' is defined but never used.  @typescript-eslint/no-unused-vars
1563:56  Error: `'` can be escaped with `&apos;`, `&lsquo;`, `&#39;`, `&rsquo;`.  react/no-unescaped-entities

./src/app/page.tsx
15:46  Error: Unexpected any. Specify a different type.  @typescript-eslint/no-explicit-any

./src/components/admin/AdminSidebar.tsx
14:11  Error: Unexpected any. Specify a different type.  @typescript-eslint/no-explicit-any
15:15  Error: Unexpected any. Specify a different type.  @typescript-eslint/no-explicit-any
20:11  Warning: 'NavItem' is defined but never used.  @typescript-eslint/no-unused-vars
37:43  Error: Unexpected any. Specify a different type.  @typescript-eslint/no-explicit-any
67:54  Error: Unexpected any. Specify a different type.  @typescript-eslint/no-explicit-any
177:59  Error: Unexpected any. Specify a different type.  @typescript-eslint/no-explicit-any

./src/components/Culture.tsx
14:60  Error: Unexpected any. Specify a different type.  @typescript-eslint/no-explicit-any
66:58  Error: Unexpected any. Specify a different type.  @typescript-eslint/no-explicit-any

./src/components/Events.tsx
8:42  Error: Unexpected any. Specify a different type.  @typescript-eslint/no-explicit-any
46:37  Warning: Using `<img>` could result in slower LCP and higher bandwidth. Consider using `<Image />` 
from `next/image` or a custom image loader to automatically optimize images. This may incur additional usage 
or cost from your provider. See: https://nextjs.org/docs/messages/no-img-element  @next/next/no-img-element

./src/components/Features.tsx
46:7  Warning: 'cardVariants' is assigned a value but never used.  @typescript-eslint/no-unused-vars

./src/components/Header.tsx
9:38  Error: Unexpected any. Specify a different type.  @typescript-eslint/no-explicit-any

./src/components/Hero.tsx
7:82  Error: Unexpected any. Specify a different type.  @typescript-eslint/no-explicit-any
42:8  Warning: React Hook useEffect has a missing dependency: 'searchInput'. Either include it or remove the 
dependency array.  react-hooks/exhaustive-deps
69:43  Error: Unexpected any. Specify a different type.  @typescript-eslint/no-explicit-any

./src/components/Impact.tsx
5:34  Warning: 'settings' is defined but never used.  @typescript-eslint/no-unused-vars
5:59  Error: Unexpected any. Specify a different type.  @typescript-eslint/no-explicit-any

./src/components/JobBoard.tsx
22:14  Error: Unexpected any. Specify a different type.  @typescript-eslint/no-explicit-any
31:36  Error: Unexpected any. Specify a different type.  @typescript-eslint/no-explicit-any
32:36  Error: Unexpected any. Specify a different type.  @typescript-eslint/no-explicit-any
81:9  Warning: 'filteredJobs' is assigned a value but never used.  @typescript-eslint/no-unused-vars

./src/components/LoginOverlay.tsx
7:82  Warning: 'Key' is defined but never used.  @typescript-eslint/no-unused-vars
50:23  Error: Unexpected any. Specify a different type.  @typescript-eslint/no-explicit-any

./src/components/Navbar.tsx
6:20  Warning: 'API_URL' is defined but never used.  @typescript-eslint/no-unused-vars
6:29  Warning: 'apiFetchBlob' is defined but never used.  @typescript-eslint/no-unused-vars
11:13  Error: Unexpected any. Specify a different type.  @typescript-eslint/no-explicit-any
60:56  Error: Unexpected any. Specify a different type.  @typescript-eslint/no-explicit-any
76:55  Error: Unexpected any. Specify a different type.  @typescript-eslint/no-explicit-any
156:51  Warning: 'fileName' is defined but never used.  @typescript-eslint/no-unused-vars
198:40  Error: Unexpected any. Specify a different type.  @typescript-eslint/no-explicit-any

./src/lib/api.ts
36:28  Error: Unexpected any. Specify a different type.  @typescript-eslint/no-explicit-any
63:26  Error: Unexpected any. Specify a different type.  @typescript-eslint/no-explicit-any

info  - Need to disable some ESLint rules? Learn more here: 
https://nextjs.org/docs/app/api-reference/config/eslint#disabling-rules
